// Jest Snapshot v1, https://goo.gl/fbAQLP

exports[`WithActiveItem snapshot should render WithActiveItem component 1`] = `<div />`;
