// Jest Snapshot v1, https://goo.gl/fbAQLP

exports[`Render Tabs 1`] = `
<div
  className="movie-card__desc"
>
  <nav
    className="movie-nav movie-card__nav"
  >
    <ul
      className="movie-nav__list"
    >
      <li
        className="movie-nav__item movie-nav__item--active"
      >
        <a
          className="movie-nav__link"
          href="#"
          onClick={[Function]}
        >
          Overview
        </a>
      </li>
      <li
        className="movie-nav__item "
      >
        <a
          className="movie-nav__link"
          href="#"
          onClick={[Function]}
        >
          Details
        </a>
      </li>
      <li
        className="movie-nav__item "
      >
        <a
          className="movie-nav__link"
          href="#"
          onClick={[Function]}
        >
          Review
        </a>
      </li>
    </ul>
  </nav>
  <div
    className="movie-rating"
  >
    <div
      className="movie-rating__score"
    >
      7.6
    </div>
    <p
      className="movie-rating__meta"
    >
      <span
        className="movie-rating__level"
      >
        Good
      </span>
      <span
        className="movie-rating__count"
      >
        178
         ratings
      </span>
    </p>
  </div>
  <div
    className="movie-card__text"
  >
    <p>
      In the 1930s, the Grand Budapest Hotel is a popular
        European ski resort, presided over by concierge Gustave H. (Ralph Fiennes).
        Zero, a junior lobby boy, becomes Gustave&apos;s friend and protege.
        Gustave prides himself on providing first-class service to the hotel&apos;s guests,
        including satisfying the sexual needs of the many elderly women who stay there.
        When one of Gustave&apos;s lovers dies mysteriously, Gustave finds himself
        the recipient of a priceless painting and the chief suspect in her murder.
    </p>
    <p
      className="movie-card__director"
    >
      <strong>
        Director: 
        Billy Zane
      </strong>
    </p>
    <p
      className="movie-card__starring"
    >
      <strong>
        Starring: 
        Sherilyn Fenn
        Michelle Rodriguez
        Patrick Swayze
        Benedict Cumberbatch
        Emily Blunt
      </strong>
    </p>
  </div>
</div>
`;
