// Jest Snapshot v1, https://goo.gl/fbAQLP

exports[`Render App 1`] = `
<div
  style={
    Object {
      "alignItems": "center",
      "display": "flex",
      "height": "100vh",
      "justifyContent": "center",
    }
  }
>
  Loading...
</div>
`;
