// Jest Snapshot v1, https://goo.gl/fbAQLP

exports[`Render SiteHeader 1`] = `
Array [
  <h1
    className="visually-hidden"
  >
    WTW
  </h1>,
  <header
    className="page-header movie-card__head"
  >
    <div
      className="logo"
    >
      <a
        className="logo__link"
        href="/"
        onClick={[Function]}
      >
        <span
          className="logo__letter logo__letter--1"
        >
          W
        </span>
        <span
          className="logo__letter logo__letter--2"
        >
          T
        </span>
        <span
          className="logo__letter logo__letter--3"
        >
          W
        </span>
      </a>
    </div>
    <div
      className="user-block"
    >
      <a
        className="user-block__link"
        href="/login"
        onClick={[Function]}
      >
        Sign in
      </a>
    </div>
  </header>,
]
`;
